// Jest Snapshot v1, https://goo.gl/fbAQLP

exports[`POST /variations throws validation error with additional properties 1`] = `
Array [
  Object {
    "instancePath": "",
    "keyword": "additionalProperties",
    "message": "must NOT have additional properties",
    "params": Object {
      "additionalProperty": "created_at",
    },
    "schemaPath": "#/additionalProperties",
  },
]
`;
