// Jest Snapshot v1, https://goo.gl/fbAQLP

exports[`GET /products throws 400 for not existing included param 1`] = `
{
  "message": "Provided resource is not supported! Update the \`include\` query param with the correct value(s).",
}
`;
